<html>
<body>
<pre>
<h1>µVision Build Log</h1>
<h2>Tool Versions:</h2>
IDE-Version: µVision V5.15
Copyright (C) 2015 ARM Ltd and ARM Germany GmbH. All rights reserved.
License Information: Xavier Sautejeau IS2T Flex license: MDK-ARM Professional: 6 user(s) (mdk_pro) Operation stops: 14 Oct 2015
 
Tool Versions:
Toolchain:       MDK-ARM Professional: 6 user(s)  Version: 5.15.0
Toolchain Path:  C:\Keil_v5\ARM\ARMCC\Bin
C Compiler:      Armcc.exe V5.05 update 2 (build 169)
Assembler:       Armasm.exe V5.05 update 2 (build 169)
Linker/Locator:  ArmLink.exe V5.05 update 2 (build 169)
Library Manager: ArmAr.exe V5.05 update 2 (build 169)
Hex Converter:   FromElf.exe V5.05 update 2 (build 169)
CPU DLL:         SARMCM3.DLL V5.15.0
Dialog DLL:      DCM.DLL V1.13.2.0
Target DLL:      STLink\ST-LINKIII-KEIL_SWO.dll V2.0.15.0_KEIL
Dialog DLL:      TCM.DLL V1.14.5.0
 
<h2>Project:</h2>
C:\Users\Xavier Sautejeau\Documents\workspaces-MicroEJ-DEV-3.1.1\Example-Java-SNI-ShieldedPlug\STM32F429IDISCO-SNI_SP_FreeRTOS-CM4_ARMCC-bsp\Project\MicroEJ\MDK-ARM\Project.uvproj
Project File Date:  10/08/2015

<h2>Output:</h2>
*** Using Compiler 'V5.05 update 2 (build 169)', folder: 'C:\Keil_v5\ARM\ARMCC\Bin'
Build target 'STM32F429i-DISCO'
compiling misc.c...
compiling stm32f4xx_adc.c...
compiling stm32f4xx_can.c...
compiling stm32f4xx_crc.c...
compiling stm32f4xx_dac.c...
compiling stm32f4xx_dbgmcu.c...
compiling stm32f4xx_dcmi.c...
compiling stm32f4xx_dma.c...
compiling stm32f4xx_exti.c...
compiling stm32f4xx_flash.c...
compiling stm32f4xx_gpio.c...
compiling stm32f4xx_i2c.c...
compiling stm32f4xx_iwdg.c...
compiling stm32f4xx_pwr.c...
compiling stm32f4xx_rcc.c...
compiling stm32f4xx_rng.c...
compiling stm32f4xx_rtc.c...
compiling stm32f4xx_sdio.c...
compiling stm32f4xx_spi.c...
compiling stm32f4xx_syscfg.c...
compiling stm32f4xx_tim.c...
compiling stm32f4xx_usart.c...
compiling stm32f4xx_wwdg.c...
compiling stm32f4xx_ltdc.c...
compiling stm32f4xx_fmc.c...
compiling stm32f4xx_dma2d.c...
assembling startup_stm32f429_439xx.s...
compiling fault_handlers.c...
compiling hooks_FreeRTOS.c...
compiling interrupts.c...
compiling LLBSP_stm32.c...
compiling LLMJVM_FreeRTOS.c...
..\src\LLMJVM_FreeRTOS.c(51): warning:  #550-D: variable "LLMJVM_FREERTOS_java_task_handle" was set but never used
  static xTaskHandle LLMJVM_FREERTOS_java_task_handle;
..\src\LLMJVM_FreeRTOS.c: 1 warning, 0 errors
compiling main.c...
compiling microjvm_main.c...
compiling putchar.c...
compiling stm32f4xx_it.c...
compiling system_stm32f4xx.c...
compiling time_hardware_timer.c...
compiling math.c...
compiling LLSP_FreeRTOS.c...
compiling stm32f429i_discovery_sdram.c...
compiling stm32f429i_discovery.c...
compiling stm32f429i_discovery_i2c_ee.c...
compiling stm32f429i_discovery_ioe.c...
compiling stm32f429i_discovery_l3gd20.c...
compiling stm32f429i_discovery_lcd.c...
compiling croutine.c...
compiling list.c...
compiling queue.c...
compiling tasks.c...
compiling timers.c...
compiling port.c...
compiling heap_1.c...
compiling accelerometer-data.c...
compiling producer.c...
compiling producer-accelerometer.c...
linking...
Program Size: Code=67156 RO-data=3184 RW-data=448 ZI-data=66320  
FromELF: creating hex file...
".\STM32F429i-DISCO\STM32429I-DISCO.axf" - 0 Error(s), 1 Warning(s).
</pre>
</body>
</html>
