<html>
<body>
<pre>
<h1>µVision Build Log</h1>
<h2>Tool Versions:</h2>
IDE-Version: µVision V5.18.0.0
Copyright (C) 2016 ARM Ltd and ARM Germany GmbH. All rights reserved.
License Information: Xavier Sautejeau MicroEJ Flex license: MDK-ARM Professional: 6 user(s) (mdk_pro) Operation stops: 30 Nov 2016
 
Tool Versions:
Toolchain:       MDK-ARM Professional: 6 user(s)  Version: 5.18
Toolchain Path:  C:\Keil_v5\ARM\ARMCC\Bin
C Compiler:      Armcc.exe V5.06 update 1 (build 61)
Assembler:       Armasm.exe V5.06 update 1 (build 61)
Linker/Locator:  ArmLink.exe V5.06 update 1 (build 61)
Library Manager: ArmAr.exe V5.06 update 1 (build 61)
Hex Converter:   FromElf.exe V5.06 update 1 (build 61)
CPU DLL:         SARMCM3.DLL V5.18
Dialog DLL:      DCM.DLL V1.13.6.0
Target DLL:      STLink\ST-LINKIII-KEIL_SWO.dll V2.0.18.0
Dialog DLL:      TCM.DLL V1.14.8.0
 
<h2>Project:</h2>
C:\Workspaces\_GitLab\Example-Standalone-Java-C-Interface\STM32F746GDISCO-SNI_SP-CM7_ARMCC-FreeRTOS-bsp\Projects\STM32746G-Discovery\Applications\MicroEJ\MDK-ARM\Project.uvprojx
Project File Date:  05/20/2016

<h2>Output:</h2>
*** Using Compiler 'V5.06 update 1 (build 61)', folder: 'C:\Keil_v5\ARM\ARMCC\Bin'
Build target 'STM32746G_DISCOVERY'
compiling stm32f7xx_hal_cec.c...
compiling stm32f7xx_hal_msp_template.c...
compiling stm32f7xx_hal_flash_ex.c...
compiling stm32f7xx_hal_hash_ex.c...
compiling stm32f7xx_ll_sdmmc.c...
compiling stm32f7xx_hal_tim.c...
compiling stm32f7xx_hal_pwr.c...
compiling stm32f7xx_hal_eth.c...
compiling stm32f7xx_hal_sai.c...
compiling stm32f7xx_hal_gpio.c...
compiling stm32f7xx_hal_qspi.c...
compiling stm32f7xx_hal_sd.c...
compiling stm32f7xx_hal_usart.c...
compiling stm32f7xx_hal_irda.c...
compiling stm32f7xx_hal_pcd.c...
compiling stm32f7xx_hal_sram.c...
compiling stm32f7xx_hal_i2c_ex.c...
compiling stm32f7xx_hal_dcmi_ex.c...
compiling stm32f7xx_hal_pcd_ex.c...
compiling stm32f7xx_hal_rtc.c...
compiling stm32f7xx_hal_smartcard.c...
compiling stm32f7xx_ll_fmc.c...
compiling stm32f7xx_hal.c...
compiling stm32f7xx_hal_tim_ex.c...
compiling stm32f7xx_hal_cortex.c...
compiling stm32f7xx_hal_dma2d.c...
compiling stm32f7xx_hal_pwr_ex.c...
compiling stm32f7xx_hal_nand.c...
compiling stm32f7xx_hal_iwdg.c...
compiling stm32f7xx_hal_dcmi.c...
compiling stm32f7xx_hal_smartcard_ex.c...
compiling stm32f7xx_hal_flash.c...
compiling stm32f7xx_hal_rcc.c...
compiling stm32f7xx_hal_sai_ex.c...
compiling stm32f7xx_hal_nor.c...
compiling stm32f7xx_hal_adc.c...
compiling stm32f7xx_hal_crc_ex.c...
compiling stm32f7xx_hal_dac_ex.c...
compiling stm32f7xx_hal_cryp.c...
compiling stm32f7xx_hal_dac.c...
compiling stm32f7xx_hal_hash.c...
compiling stm32f7xx_hal_sdram.c...
compiling stm32f7xx_hal_crc.c...
compiling stm32f7xx_hal_hcd.c...
compiling stm32f7xx_hal_rcc_ex.c...
compiling stm32f7xx_hal_dma_ex.c...
compiling stm32f7xx_hal_rng.c...
compiling stm32f7xx_hal_adc_ex.c...
compiling stm32f7xx_hal_i2s.c...
compiling stm32f7xx_hal_rtc_ex.c...
compiling stm32f7xx_ll_usb.c...
compiling stm32f7xx_hal_cryp_ex.c...
compiling stm32f7xx_hal_dma.c...
compiling stm32f7xx_hal_wwdg.c...
compiling stm32f7xx_hal_lptim.c...
compiling stm32f7xx_hal_spdifrx.c...
compiling stm32f7xx_hal_spi.c...
compiling stm32f7xx_hal_can.c...
compiling stm32f7xx_hal_uart.c...
compiling stm32f7xx_hal_i2c.c...
compiling stm32f7xx_hal_ltdc.c...
compiling stm32746g_discovery_ts.c...
compiling stm32746g_discovery.c...
compiling stm32746g_discovery_sdram.c...
compiling stm32746g_discovery_sd.c...
compiling ft5336.c...
compiling stm32746g_discovery_lcd.c...
compiling timers.c...
compiling heap_2.c...
compiling event_groups.c...
compiling list.c...
compiling queue.c...
compiling cmsis_os.c...
compiling tasks.c...
compiling croutine.c...
compiling stm32746g_discovery_qspi.c...
compiling system_stm32f7xx.c...
compiling port.c...
compiling usbh_ioreq.c...
compiling usbh_core.c...
compiling usbh_ctlreq.c...
compiling cpuload.c...
compiling cpuload_impl_FreeRTOS.c...
compiling fault_handlers.c...
compiling hooks_FreeRTOS.c...
compiling interrupts.c...
compiling LLBSP_stm32.c...
compiling usbh_pipes.c...
compiling LLMJVM_FreeRTOS.c...
compiling LLSP_FreeRTOS.c...
compiling microjvm_main.c...
compiling usbh_cdc.c...
compiling os_support.c...
compiling putchar.c...
compiling misc.c...
compiling main.c...
compiling stm32f7xx_hal_FreeRTOS.c...
compiling time_hardware_timer.c...
assembling startup_stm32f746xx.s...
compiling retarget.c...
compiling math.c...
compiling stm32f7xx_it.c...
compiling LLNativeQueueService.c...
..\..\..\..\..\..\NativeQueueWrapper\src\main\c\LLNativeQueueService.c(174): warning:  #167-D: argument of type "volatile jbyte *" is incompatible with parameter of type "void *const"
  					
ortBASE_TYPE dataReceived = 
QueueReceive(currentQueue, itemDataAsByteArray, 0);
..\..\..\..\..\..\NativeQueueWrapper\src\main\c\LLNativeQueueService.c(218): warning:  #191-D: type qualifier is meaningless on cast type
  					
ortBASE_TYPE dataSent = 
QueueSend(currentQueue, (void * const) itemDataAsByteArray, 10);
..\..\..\..\..\..\NativeQueueWrapper\src\main\c\LLNativeQueueService.c: 2 warnings, 0 errors
compiling accelerometer-data.c...
compiling sni-producer-accelerometer.c...
compiling sni-producer-factory.c...
compiling sp-producer-accelerometer.c...
compiling sp-producer-factory.c...
compiling LLDEVICE.c...
compiling usbh_conf.c...
linking...
.\STM32746G_DISCOVERY_qspi.sct(39): warning: L6314W: No section matches pattern *(.text.features.installed).
Program Size: Code=84360 RO-data=2376 RW-data=468 ZI-data=6979548  
Finished: 0 information, 1 warning and 0 error messages.
"STM32746G_DISCOVERY\STM32746G_DISCOVERY.axf" - 0 Error(s), 3 Warning(s).

<h2>Collection of Component include folders:</h2>
  C:\Workspaces\_GitLab\Example-Standalone-Java-C-Interface\STM32F746GDISCO-SNI_SP-CM7_ARMCC-FreeRTOS-bsp\Projects\STM32746G-Discovery\Applications\MicroEJ\MDK-ARM\RTE
  C:\Keil_v5\ARM\PACK\Keil\STM32F7xx_DFP\1.2.1\Drivers\CMSIS\Device\ST\STM32F7xx\Include

<h2>Collection of Component Files used:</h2>
Build Time Elapsed:  00:01:16
</pre>
</body>
</html>
